// Jest Snapshot v1, https://goo.gl/fbAQLP

exports[`SearchInput matches snapshot 1`] = `
<DocumentFragment>
  <div
    id="top-section"
  >
    <input
      type="text"
      value=""
    />
    <button
      type="button"
    >
      Search
    </button>
  </div>
</DocumentFragment>
`;
